<?xml version="1.0" encoding="UTF-8"?>
<TestRun id="12746da6-0a93-42f0-b9b7-fe129009388c" name="hamonvitorino@FTSDEVIDF01 2011-11-29 17:03:32" runUser="GRUPOFORTES\hamonvitorino" xmlns="http://microsoft.com/schemas/VisualStudio/TeamTest/2010">
  <TestSettings name="Default Test Settings" id="f9f46604-e977-40ec-9e3c-cdbdee41ab6f">
    <Deployment runDeploymentRoot="hamonvitorino_FTSDEVIDF01 2011-11-29 17_03_32">
      <DeploymentItem filename="D:\git\fortes\patterns\fontes\Patterns.Core\bin\Debug\Patterns.Core.dll" />
      <DeploymentItem filename="D:\git\fortes\patterns\dependencias\restfulie\Restfulie.Server.dll" />
      <DeploymentItem filename="D:\git\fortes\patterns\dependencias\moq\Moq.dll" />
      <DeploymentItem filename="D:\git\fortes\patterns\fontes\Patterns.Web\bin\Patterns.dll" />
    </Deployment>
    <Execution>
      <TestTypeSpecific />
      <AgentRule name="Execution Agents">
      </AgentRule>
    </Execution>
  </TestSettings>
  <Times creation="2011-11-29T17:03:32.6950191-03:00" queuing="2011-11-29T17:03:35.3600191-03:00" start="2011-11-29T17:03:35.4210191-03:00" finish="2011-11-29T17:03:38.7510191-03:00" />
  <ResultSummary outcome="Warning">
    <Counters total="1" executed="1" passed="1" error="0" failed="0" timeout="0" aborted="0" inconclusive="0" passedButRunAborted="0" notRunnable="0" notExecuted="0" disconnected="0" warning="0" completed="0" inProgress="0" pending="0" />
    <RunInfos>
      <RunInfo computerName="FTSDEVIDF01" outcome="Warning" timestamp="2011-11-29T17:03:33.2610191-03:00">
        <Text>Warning: Test Run deployment issue: The assembly or module 'Castle.DynamicProxy2' directly or indirectly referenced by the test container 'd:\git\fortes\patterns\fontes\patterns.web.testes\bin\debug\patterns.testes.dll' was not found.</Text>
      </RunInfo>
      <RunInfo computerName="FTSDEVIDF01" outcome="Warning" timestamp="2011-11-29T17:03:33.2610191-03:00">
        <Text>Warning: Test Run deployment issue: The assembly or module 'Newtonsoft.Json' directly or indirectly referenced by the test container 'd:\git\fortes\patterns\fontes\patterns.web.testes\bin\debug\patterns.testes.dll' was not found.</Text>
      </RunInfo>
    </RunInfos>
  </ResultSummary>
  <TestDefinitions>
    <UnitTest name="Index" storage="d:\git\fortes\patterns\fontes\patterns.web.testes\bin\debug\patterns.testes.dll" id="b5c1280a-de88-493c-0949-30d69c87dc11">
      <Execution id="cf9f2cd0-59ea-46cc-afe8-aba3a1065bd9" />
      <TestMethod codeBase="D:/git/fortes/patterns/fontes/Patterns.Web.Testes/bin/Debug/Patterns.Testes.DLL" adapterTypeName="Microsoft.VisualStudio.TestTools.TestTypes.Unit.UnitTestAdapter, Microsoft.VisualStudio.QualityTools.Tips.UnitTest.Adapter, Version=10.0.0.0, Culture=neutral, PublicKeyToken=b03f5f7f11d50a3a" className="Patterns.Testes.Controllers.PessoaControllerTest, Patterns.Testes, Version=1.0.0.0, Culture=neutral, PublicKeyToken=null" name="Index" />
    </UnitTest>
  </TestDefinitions>
  <TestLists>
    <TestList name="Results Not in a List" id="8c84fa94-04c1-424b-9868-57a2d4851a1d" />
    <TestList name="All Loaded Results" id="19431567-8539-422a-85d7-44ee4e166bda" />
  </TestLists>
  <TestEntries>
    <TestEntry testId="b5c1280a-de88-493c-0949-30d69c87dc11" executionId="cf9f2cd0-59ea-46cc-afe8-aba3a1065bd9" testListId="8c84fa94-04c1-424b-9868-57a2d4851a1d" />
  </TestEntries>
  <Results>
    <UnitTestResult executionId="cf9f2cd0-59ea-46cc-afe8-aba3a1065bd9" testId="b5c1280a-de88-493c-0949-30d69c87dc11" testName="Index" computerName="FTSDEVIDF01" duration="00:00:02.1910483" startTime="2011-11-29T17:03:35.4700191-03:00" endTime="2011-11-29T17:03:38.6240191-03:00" testType="13cdc9d9-ddb5-4fa4-a97d-d965ccfc6d4b" outcome="Passed" testListId="8c84fa94-04c1-424b-9868-57a2d4851a1d" relativeResultsDirectory="cf9f2cd0-59ea-46cc-afe8-aba3a1065bd9">
    </UnitTestResult>
  </Results>
</TestRun>